{"data":{"id":"test-name","type":"categories","attributes":{"name":"test name","description":"test description"},"relationships":{"parent":{"data":{"type":"categories","id":"test-parent-name"}}}},"included":[{"id":"test-parent-name","type":"categories","attributes":{"name":"test parent name","description":"test parent description"},"relationships":{"media":{"data":[{"type":"media","id":"1"}]}}},{"id":"1","type":"media","attributes":{"collection_name":"image","file_name":"1-800x600.jpg","custom_properties":[],"generated_conversions":{"list":"http:\/\/test-app\/storage\/media\/1\/conversions\/1-800x600-list.jpg","thumb":"http:\/\/test-app\/storage\/media\/1\/conversions\/1-800x600-thumb.jpg"},"type":"image"}}],"jsonapi":{"version":"1.0"}}