{"data":{"id":"test-name","type":"categories","attributes":{"name":"test name","description":"test description"},"relationships":{"parent":{"data":{"type":"categories","id":"test-parent-name"}}}},"included":[{"id":"test-parent-name","type":"categories","attributes":{"name":"test parent name","description":"test parent description"}}],"jsonapi":{"version":"1.0"}}