{"data":{"id":"test-name","type":"categories","attributes":{"name":"test name","description":"test description"},"relationships":{"products":{"data":[{"type":"products","id":"samsung-galaxy-s21"}]}}},"included":[{"id":"samsung-galaxy-s21","type":"products","attributes":{"parent_sku":"sku sample","name":"Samsung Galaxy S21","description":"sample description","status":"in-stock"}}],"jsonapi":{"version":"1.0"}}