{"data":[{"id":"samsung-galaxy-s21","type":"products","attributes":{"parent_sku":"sku sample","name":"Samsung Galaxy S21","description":"sample description","status":"in-stock"},"relationships":{"tags":{"data":[{"type":"tags","id":"1"}]}}}],"links":{"first":"http:\/\/test-app\/api\/products?include=tags&page%5Bnumber%5D=1","last":"http:\/\/test-app\/api\/products?include=tags&page%5Bnumber%5D=1"},"meta":{"current_page":1,"from":1,"last_page":1,"links":[{"url":null,"label":"&laquo; Previous","active":false},{"url":"http:\/\/test-app\/api\/products?include=tags&page%5Bnumber%5D=1","label":"1","active":true},{"url":null,"label":"Next &raquo;","active":false}],"path":"http:\/\/test-app\/api\/products","per_page":30,"to":1,"total":1},"included":[{"id":"1","type":"tags","attributes":{"name":"test tag"}}],"jsonapi":{"version":"1.0"}}