{"data":{"id":"samsung-galaxy-s21","type":"products","attributes":{"parent_sku":"sku sample","name":"Samsung Galaxy S21","description":"sample description","status":"in-stock"},"relationships":{"skus":{"data":[{"type":"skus","id":"samsung-galaxy-s21-sample-code"}]}}},"included":[{"id":"samsung-galaxy-s21-sample-code","type":"skus","attributes":{"code":"sample-code","price":349}}],"jsonapi":{"version":"1.0"}}