{"data":{"id":"samsung-galaxy-s21","type":"products","attributes":{"parent_sku":"sku sample","name":"Samsung Galaxy S21","description":"sample description","status":"in-stock"},"relationships":{"brand":{"data":{"type":"brands","id":"test-brand"}}}},"included":[{"id":"test-brand","type":"brands","attributes":{"name":"test brand"},"relationships":{"media":{"data":[{"type":"media","id":"1"}]}}},{"id":"1","type":"media","attributes":{"collection_name":"image","file_name":"1-800x600.jpg","custom_properties":[],"generated_conversions":{"list":"http:\/\/test-app\/storage\/media\/1\/conversions\/1-800x600-list.jpg","thumb":"http:\/\/test-app\/storage\/media\/1\/conversions\/1-800x600-thumb.jpg"},"type":"image"}}],"jsonapi":{"version":"1.0"}}